{
  "scratch": "C:\\Users\\roysh\\AppData\\Local\\Temp\\vkit-floor-audit-5vrhz01d",
  "registered_checks": [
    "totals-behavior",
    "mandatory-second"
  ],
  "cli_finalize": {
    "exit_code": 0,
    "payload": {
      "command": "task finalize",
      "task_id": "03eb5a031ea4468ea68e03d130649016",
      "status": "active",
      "readiness": "READY",
      "gaps": [],
      "required_checks": [
        "totals-behavior"
      ],
      "context": {
        "generation": 1,
        "policy_digest": "98741173526daef03a24f6031455f9762ac0dd9da7b0d786fb186aed4dced5ba"
      }
    }
  },
  "mcp_finalize": {
    "task_id": "03eb5a031ea4468ea68e03d130649016",
    "generation": 1,
    "readiness": "BLOCKED",
    "gaps": [
      "no completed run for required check 'mandatory-second'"
    ],
    "required_checks": [
      "mandatory-second",
      "totals-behavior"
    ],
    "context": {
      "generation": 1,
      "policy_digest": "98741173526daef03a24f6031455f9762ac0dd9da7b0d786fb186aed4dced5ba"
    },
    "summary": "task 03eb5a031ea4468ea68e03d130649016 is BLOCKED: 1 gap(s)"
  },
  "mcp_after_manifest_removal": {
    "task_id": "03eb5a031ea4468ea68e03d130649016",
    "generation": 1,
    "readiness": "READY",
    "gaps": [],
    "required_checks": [
      "totals-behavior"
    ],
    "context": {
      "generation": 1,
      "policy_digest": "98741173526daef03a24f6031455f9762ac0dd9da7b0d786fb186aed4dced5ba"
    },
    "summary": "task 03eb5a031ea4468ea68e03d130649016 is READY"
  }
}
