{
  "exit_code": 0,
  "decision": "ACCEPTED",
  "candidate": "cb84c1a19706cf5a2c638ade298a23dd38f60a38",
  "target": "965c0a8e7015b3d972d7292e728abaa97b1e0f67",
  "approved_manifest_revision": "2cd70c1de4d657e4d9cf4394a6c3b81f1df2730c",
  "approved_main_stayed_fixed": true,
  "broken_app_with_original_driver": {
    "candidate": "64dc82aafebb7ef3f926f8d12d96875c2254ff47",
    "exit_code": 1,
    "decision": "REJECTED",
    "check_results": [
      "REJECTED"
    ]
  },
  "check_results": [
    "ACCEPTED"
  ],
  "check_details": [
    "6 scenario(s) passed"
  ],
  "gaps": [],
  "stderr": ""
}
