{
  "probe": "recovery releases a claim while the real example driver is alive",
  "started_at": "2026-09-30T13:44:41.744538+00:00",
  "workspace_head": "ddb62a3",
  "driver_sleep_seconds": 5,
  "driver": {
    "pid": 27220,
    "identity_read": true,
    "alive_before_recovery": true,
    "alive_after_release_and_second_claim": true,
    "marker_present": true
  },
  "run_record_before_recovery": {
    "process_identity": null,
    "finding_kinds": [
      "run_without_process"
    ]
  },
  "superseded_generation": 2,
  "release_claim": {
    "succeeded": true,
    "remaining_claims": [],
    "finding_kinds_after": [
      "run_without_process"
    ]
  },
  "second_task_claim": {
    "acquired": true
  },
  "worker_finished_naturally": true,
  "worker_outcome": {
    "result": {
      "result": "PASS",
      "scenarios": [
        {
          "id": "empty-cart",
          "result": "PASS",
          "observation": "printed 0"
        },
        {
          "id": "single-positive",
          "result": "PASS",
          "observation": "printed 42"
        },
        {
          "id": "several-positives",
          "result": "PASS",
          "observation": "printed 42"
        },
        {
          "id": "mixed-sign",
          "result": "PASS",
          "observation": "printed 42"
        },
        {
          "id": "negatives-only",
          "result": "PASS",
          "observation": "printed -12"
        },
        {
          "id": "cancels-to-zero",
          "result": "PASS",
          "observation": "printed 0"
        }
      ]
    }
  },
  "finished_at": "2026-09-30T13:44:50.075576+00:00"
}
